{
    "panoramaseq [bam] - S09": {
        "content": [
            [
                [
                    {
                        "id": "S09",
                        "N_barcodes": 34500,
                        "sample_size": 10000,
                        "len_barcode": 36,
                        "Nthresh": 9,
                        "Ntriage": 1000
                    },
                    "S09_counts.tsv.gz:md5,cf4ef97b98ddf460d9d159364afde8f4"
                ]
            ],
            [
                "versions.yml:md5,95af6601997fd9222f34687cfe3ba1dc"
            ]
        ],
        "meta": {
            "nf-test": "0.9.2",
            "nextflow": "24.10.2"
        },
        "timestamp": "2025-08-12T18:05:25.19933596"
    },
    "stub": {
        "content": [
            [
                [
                    {
                        "id": "S09",
                        "N_barcodes": 34500,
                        "sample_size": 10000,
                        "len_barcode": 36,
                        "Nthresh": 9,
                        "Ntriage": 1000
                    },
                    "S09_counts.tsv.gz:md5,965f2e431a994b442413018f09f0a3d9"
                ]
            ],
            [
                "versions.yml:md5,22c255898d2bad457e64434971232ba5"
            ]
        ],
        "meta": {
            "nf-test": "0.9.2",
            "nextflow": "24.10.2"
        },
        "timestamp": "2025-08-12T18:05:29.94539206"
    }
}