{
    "decode batch stub test": {
        "content": [
            [
                "versions.yml:md5,acabd0aad6c59e4a052b182c7a77b038"
            ]
        ],
        "meta": {
            "nf-test": "0.9.2",
            "nextflow": "24.10.2"
        },
        "timestamp": "2025-08-12T17:38:00.030287854"
    },
    "versions_real": {
        "content": [
            [
                
            ]
        ],
        "meta": {
            "nf-test": "0.9.2",
            "nextflow": "24.10.2"
        },
        "timestamp": "2025-06-24T12:57:59.848474355"
    }
}